[90m2026-07-11 22:00:52[0m [32mINF[0m [1mStart[0m [36mMode=[0mdevelop [36mVersion=[0m
[GIN-debug] [WARNING] Creating an Engine instance with the Logger and Recovery middleware already attached.

[GIN-debug] [WARNING] Running in "debug" mode. Switch to "release" mode in production.
 - using env:	export GIN_MODE=release
 - using code:	gin.SetMode(gin.ReleaseMode)

[GIN-debug] GET    /socket.io/               --> repair/services.Http.WrapH.func5 (4 handlers)
[GIN-debug] POST   /socket.io/               --> repair/services.Http.WrapH.func6 (4 handlers)
[GIN-debug] WS     /socket.io/               --> repair/services.Http.WrapH.func7 (4 handlers)
[GIN-debug] WSS    /socket.io/               --> repair/services.Http.WrapH.func8 (4 handlers)
time="2026-07-11T22:00:52+09:00" level=info msg="Cron Service Start"
[GIN-debug] GET    /assets/*filepath         --> github.com/gin-gonic/gin.(*RouterGroup).createStaticHandler.func1 (4 handlers)
[GIN-debug] HEAD   /assets/*filepath         --> github.com/gin-gonic/gin.(*RouterGroup).createStaticHandler.func1 (4 handlers)
[GIN-debug] GET    /webdata/*filepath        --> github.com/gin-gonic/gin.(*RouterGroup).createStaticHandler.func1 (4 handlers)
[GIN-debug] HEAD   /webdata/*filepath        --> github.com/gin-gonic/gin.(*RouterGroup).createStaticHandler.func1 (4 handlers)
time="2026-07-11T22:00:52+09:00" level=info msg="Notify Service Start"
[GIN-debug] GET    /api/jwt                  --> repair/router.SetRouter.func1 (4 handlers)
[GIN-debug] GET    /api/apt/search           --> repair/router.SetRouter.func2 (5 handlers)
[GIN-debug] POST   /api/aptdong/blueprint    --> repair/router.SetRouter.func3 (5 handlers)
[GIN-debug] POST   /api/breakdown/deduplication --> repair/router.SetRouter.func4 (5 handlers)
[GIN-debug] POST   /api/breakdown/lastdate   --> repair/router.SetRouter.func5 (5 handlers)
[GIN-debug] POST   /api/breakdown/duedate    --> repair/router.SetRouter.func6 (5 handlers)
[GIN-debug] GET    /api/breakdownhistory/auto/:id --> repair/router.SetRouter.func7 (5 handlers)
[GIN-debug] POST   /api/category/initdata    --> repair/router.SetRouter.func8 (5 handlers)
[GIN-debug] POST   /api/category/duplicationdata --> repair/router.SetRouter.func9 (5 handlers)
[GIN-debug] POST   /api/detail/duplication   --> repair/router.SetRouter.func10 (5 handlers)
[GIN-debug] GET    /api/download/file/:id    --> repair/router.SetRouter.func11 (5 handlers)
[GIN-debug] GET    /api/download/report/:id  --> repair/router.SetRouter.func12 (5 handlers)
[GIN-debug] GET    /api/download/address     --> repair/router.SetRouter.func13 (5 handlers)
[GIN-debug] GET    /api/download/periodic0/:id --> repair/router.SetRouter.func14 (5 handlers)
[GIN-debug] GET    /api/download/periodic1/:id --> repair/router.SetRouter.func15 (5 handlers)
[GIN-debug] GET    /api/download/periodic2/:id --> repair/router.SetRouter.func16 (5 handlers)
[GIN-debug] GET    /api/download/periodic3/:id --> repair/router.SetRouter.func17 (5 handlers)
[GIN-debug] GET    /api/download/periodic4/:id --> repair/router.SetRouter.func18 (5 handlers)
[GIN-debug] GET    /api/download/periodic5/:id --> repair/router.SetRouter.func19 (5 handlers)
[GIN-debug] GET    /api/download/periodic/:id --> repair/router.SetRouter.func20 (5 handlers)
[GIN-debug] GET    /api/download/estimate/:id --> repair/router.SetRouter.func21 (5 handlers)
[GIN-debug] GET    /api/download/contract/:id --> repair/router.SetRouter.func22 (5 handlers)
[GIN-debug] GET    /api/download/addressrepair --> repair/router.SetRouter.func23 (5 handlers)
[GIN-debug] GET    /api/download/detail0/:id --> repair/router.SetRouter.func24 (5 handlers)
[GIN-debug] GET    /api/download/detail1/:id --> repair/router.SetRouter.func25 (5 handlers)
[GIN-debug] GET    /api/download/detail2/:id --> repair/router.SetRouter.func26 (5 handlers)
[GIN-debug] GET    /api/download/detail3/:id --> repair/router.SetRouter.func27 (5 handlers)
[GIN-debug] GET    /api/download/detail4/:id --> repair/router.SetRouter.func28 (5 handlers)
[GIN-debug] GET    /api/download/detail5/:id --> repair/router.SetRouter.func29 (5 handlers)
[GIN-debug] GET    /api/download/detail6/:id --> repair/router.SetRouter.func30 (5 handlers)
[GIN-debug] GET    /api/download/detail7/:id --> repair/router.SetRouter.func31 (5 handlers)
[GIN-debug] GET    /api/download/detail/:id  --> repair/router.SetRouter.func32 (5 handlers)
[GIN-debug] POST   /api/estimate             --> repair/router.SetRouter.func33 (5 handlers)
[GIN-debug] PUT    /api/estimate             --> repair/router.SetRouter.func34 (5 handlers)
[GIN-debug] DELETE /api/estimate             --> repair/router.SetRouter.func35 (5 handlers)
[GIN-debug] GET    /api/estimate             --> repair/router.SetRouter.func36 (5 handlers)
[GIN-debug] GET    /api/image/size/:filename --> repair/router.SetRouter.func37 (5 handlers)
[GIN-debug] POST   /api/managebook/process   --> repair/router.SetRouter.func38 (5 handlers)
[GIN-debug] POST   /api/managebook/multiprocess --> repair/router.SetRouter.func39 (5 handlers)
[GIN-debug] POST   /api/oldapt/convert       --> repair/router.SetRouter.func40 (5 handlers)
[GIN-debug] POST   /api/patrol/upload        --> repair/router.SetRouter.func41 (5 handlers)
[GIN-debug] GET    /api/periodic/data/:id    --> repair/router.SetRouter.func42 (5 handlers)
[GIN-debug] POST   /api/periodic/upload      --> repair/router.SetRouter.func43 (5 handlers)
[GIN-debug] POST   /api/periodic/duplication --> repair/router.SetRouter.func44 (5 handlers)
[GIN-debug] GET    /api/periodic/search      --> repair/router.SetRouter.func45 (5 handlers)
[GIN-debug] POST   /api/periodic/initother   --> repair/router.SetRouter.func46 (5 handlers)
[GIN-debug] POST   /api/periodicimage/process --> repair/router.SetRouter.func47 (5 handlers)
[GIN-debug] GET    /api/repair/lastdate/:id  --> repair/router.SetRouter.func48 (5 handlers)
[GIN-debug] POST   /api/repair/change        --> repair/router.SetRouter.func49 (5 handlers)
[GIN-debug] GET    /api/repairlist/search    --> repair/router.SetRouter.func50 (5 handlers)
[GIN-debug] GET    /api/report/total/:id     --> repair/router.SetRouter.func51 (5 handlers)
[GIN-debug] GET    /api/report/summary/:id   --> repair/router.SetRouter.func52 (5 handlers)
[GIN-debug] GET    /api/report/plan/:id      --> repair/router.SetRouter.func53 (5 handlers)
[GIN-debug] POST   /api/standard/all         --> repair/router.SetRouter.func54 (5 handlers)
[GIN-debug] PUT    /api/standard/all         --> repair/router.SetRouter.func55 (5 handlers)
[GIN-debug] POST   /api/upload/index         --> repair/router.SetRouter.func56 (5 handlers)
[GIN-debug] POST   /api/upload/periodic      --> repair/router.SetRouter.func57 (5 handlers)
[GIN-debug] GET    /api/upload/diff/:id      --> repair/router.SetRouter.func58 (5 handlers)
[GIN-debug] POST   /api/upload/diffupdate    --> repair/router.SetRouter.func59 (5 handlers)
[GIN-debug] GET    /api/upload/excel/:id     --> repair/router.SetRouter.func60 (5 handlers)
[GIN-debug] POST   /api/upload/assistance    --> repair/router.SetRouter.func61 (5 handlers)
[GIN-debug] GET    /api/adjust/count/apt/:apt --> repair/router.SetRouter.func62 (5 handlers)
[GIN-debug] GET    /api/adjust/find/apt/:apt --> repair/router.SetRouter.func63 (5 handlers)
[GIN-debug] DELETE /api/adjust/byapt         --> repair/router.SetRouter.func64 (5 handlers)
[GIN-debug] GET    /api/adjust/find/category/:category --> repair/router.SetRouter.func65 (5 handlers)
[GIN-debug] DELETE /api/adjust/bycategory    --> repair/router.SetRouter.func66 (5 handlers)
[GIN-debug] POST   /api/adjust               --> repair/router.SetRouter.func67 (5 handlers)
[GIN-debug] POST   /api/adjust/batch         --> repair/router.SetRouter.func68 (5 handlers)
[GIN-debug] PUT    /api/adjust               --> repair/router.SetRouter.func69 (5 handlers)
[GIN-debug] DELETE /api/adjust               --> repair/router.SetRouter.func70 (5 handlers)
[GIN-debug] DELETE /api/adjust/batch         --> repair/router.SetRouter.func71 (5 handlers)
[GIN-debug] GET    /api/adjust/count         --> repair/router.SetRouter.func72 (5 handlers)
[GIN-debug] GET    /api/adjust/:id           --> repair/router.SetRouter.func73 (5 handlers)
[GIN-debug] GET    /api/adjust               --> repair/router.SetRouter.func74 (5 handlers)
[GIN-debug] GET    /api/advice/count/apt/:apt --> repair/router.SetRouter.func75 (5 handlers)
[GIN-debug] GET    /api/advice/find/apt/:apt --> repair/router.SetRouter.func76 (5 handlers)
[GIN-debug] POST   /api/advice               --> repair/router.SetRouter.func77 (5 handlers)
[GIN-debug] POST   /api/advice/batch         --> repair/router.SetRouter.func78 (5 handlers)
[GIN-debug] PUT    /api/advice               --> repair/router.SetRouter.func79 (5 handlers)
[GIN-debug] DELETE /api/advice               --> repair/router.SetRouter.func80 (5 handlers)
[GIN-debug] DELETE /api/advice/batch         --> repair/router.SetRouter.func81 (5 handlers)
[GIN-debug] GET    /api/advice/count         --> repair/router.SetRouter.func82 (5 handlers)
[GIN-debug] GET    /api/advice/:id           --> repair/router.SetRouter.func83 (5 handlers)
[GIN-debug] GET    /api/advice               --> repair/router.SetRouter.func84 (5 handlers)
[GIN-debug] GET    /api/approval/count/apt/:apt --> repair/router.SetRouter.func85 (5 handlers)
[GIN-debug] GET    /api/approval/find/apt/:apt --> repair/router.SetRouter.func86 (5 handlers)
[GIN-debug] DELETE /api/approval/byapt       --> repair/router.SetRouter.func87 (5 handlers)
[GIN-debug] POST   /api/approval             --> repair/router.SetRouter.func88 (5 handlers)
[GIN-debug] POST   /api/approval/batch       --> repair/router.SetRouter.func89 (5 handlers)
[GIN-debug] PUT    /api/approval             --> repair/router.SetRouter.func90 (5 handlers)
[GIN-debug] DELETE /api/approval             --> repair/router.SetRouter.func91 (5 handlers)
[GIN-debug] DELETE /api/approval/batch       --> repair/router.SetRouter.func92 (5 handlers)
[GIN-debug] GET    /api/approval/count       --> repair/router.SetRouter.func93 (5 handlers)
[GIN-debug] GET    /api/approval/:id         --> repair/router.SetRouter.func94 (5 handlers)
[GIN-debug] GET    /api/approval             --> repair/router.SetRouter.func95 (5 handlers)
[GIN-debug] GET    /api/apt/count/namelike/:name --> repair/router.SetRouter.func96 (5 handlers)
[GIN-debug] GET    /api/apt/find/namelike/:name --> repair/router.SetRouter.func97 (5 handlers)
[GIN-debug] GET    /api/apt/count/emaillike/:email --> repair/router.SetRouter.func98 (5 handlers)
[GIN-debug] GET    /api/apt/find/emaillike/:email --> repair/router.SetRouter.func99 (5 handlers)
[GIN-debug] POST   /api/apt                  --> repair/router.SetRouter.func100 (5 handlers)
[GIN-debug] POST   /api/apt/batch            --> repair/router.SetRouter.func101 (5 handlers)
[GIN-debug] PUT    /api/apt                  --> repair/router.SetRouter.func102 (5 handlers)
[GIN-debug] DELETE /api/apt                  --> repair/router.SetRouter.func103 (5 handlers)
[GIN-debug] DELETE /api/apt/batch            --> repair/router.SetRouter.func104 (5 handlers)
[GIN-debug] GET    /api/apt/count            --> repair/router.SetRouter.func105 (5 handlers)
[GIN-debug] GET    /api/apt/:id              --> repair/router.SetRouter.func106 (5 handlers)
[GIN-debug] GET    /api/apt                  --> repair/router.SetRouter.func107 (5 handlers)
[GIN-debug] POST   /api/aptdetail            --> repair/router.SetRouter.func108 (5 handlers)
[GIN-debug] POST   /api/aptdetail/batch      --> repair/router.SetRouter.func109 (5 handlers)
[GIN-debug] PUT    /api/aptdetail            --> repair/router.SetRouter.func110 (5 handlers)
[GIN-debug] DELETE /api/aptdetail            --> repair/router.SetRouter.func111 (5 handlers)
[GIN-debug] DELETE /api/aptdetail/batch      --> repair/router.SetRouter.func112 (5 handlers)
[GIN-debug] GET    /api/aptdetail/count      --> repair/router.SetRouter.func113 (5 handlers)
[GIN-debug] GET    /api/aptdetail/:id        --> repair/router.SetRouter.func114 (5 handlers)
[GIN-debug] GET    /api/aptdetail            --> repair/router.SetRouter.func115 (5 handlers)
[GIN-debug] POST   /api/aptdong              --> repair/router.SetRouter.func116 (5 handlers)
[GIN-debug] POST   /api/aptdong/batch        --> repair/router.SetRouter.func117 (5 handlers)
[GIN-debug] PUT    /api/aptdong              --> repair/router.SetRouter.func118 (5 handlers)
[GIN-debug] DELETE /api/aptdong              --> repair/router.SetRouter.func119 (5 handlers)
[GIN-debug] DELETE /api/aptdong/batch        --> repair/router.SetRouter.func120 (5 handlers)
[GIN-debug] GET    /api/aptdong/count        --> repair/router.SetRouter.func121 (5 handlers)
[GIN-debug] GET    /api/aptdong/:id          --> repair/router.SetRouter.func122 (5 handlers)
[GIN-debug] GET    /api/aptdong              --> repair/router.SetRouter.func123 (5 handlers)
[GIN-debug] GET    /api/aptdongetc/get/aptaptdongparentname/:apt --> repair/router.SetRouter.func124 (5 handlers)
[GIN-debug] GET    /api/aptdongetc/count/aptdong/:aptdong --> repair/router.SetRouter.func125 (5 handlers)
[GIN-debug] DELETE /api/aptdongetc/byaptdong --> repair/router.SetRouter.func126 (5 handlers)
[GIN-debug] POST   /api/aptdongetc           --> repair/router.SetRouter.func127 (5 handlers)
[GIN-debug] POST   /api/aptdongetc/batch     --> repair/router.SetRouter.func128 (5 handlers)
[GIN-debug] PUT    /api/aptdongetc           --> repair/router.SetRouter.func129 (5 handlers)
[GIN-debug] DELETE /api/aptdongetc           --> repair/router.SetRouter.func130 (5 handlers)
[GIN-debug] DELETE /api/aptdongetc/batch     --> repair/router.SetRouter.func131 (5 handlers)
[GIN-debug] GET    /api/aptdongetc/count     --> repair/router.SetRouter.func132 (5 handlers)
[GIN-debug] GET    /api/aptdongetc/:id       --> repair/router.SetRouter.func133 (5 handlers)
[GIN-debug] GET    /api/aptdongetc           --> repair/router.SetRouter.func134 (5 handlers)
[GIN-debug] GET    /api/aptlist/count        --> repair/router.SetRouter.func135 (5 handlers)
[GIN-debug] GET    /api/aptlist/:id          --> repair/router.SetRouter.func136 (5 handlers)
[GIN-debug] GET    /api/aptlist              --> repair/router.SetRouter.func137 (5 handlers)
[GIN-debug] POST   /api/aptperiodic          --> repair/router.SetRouter.func138 (5 handlers)
[GIN-debug] POST   /api/aptperiodic/batch    --> repair/router.SetRouter.func139 (5 handlers)
[GIN-debug] PUT    /api/aptperiodic          --> repair/router.SetRouter.func140 (5 handlers)
[GIN-debug] DELETE /api/aptperiodic          --> repair/router.SetRouter.func141 (5 handlers)
[GIN-debug] DELETE /api/aptperiodic/batch    --> repair/router.SetRouter.func142 (5 handlers)
[GIN-debug] GET    /api/aptperiodic/count    --> repair/router.SetRouter.func143 (5 handlers)
[GIN-debug] GET    /api/aptperiodic/:id      --> repair/router.SetRouter.func144 (5 handlers)
[GIN-debug] GET    /api/aptperiodic          --> repair/router.SetRouter.func145 (5 handlers)
[GIN-debug] GET    /api/aptrepairlist/count  --> repair/router.SetRouter.func146 (5 handlers)
[GIN-debug] GET    /api/aptrepairlist/:id    --> repair/router.SetRouter.func147 (5 handlers)
[GIN-debug] GET    /api/aptrepairlist        --> repair/router.SetRouter.func148 (5 handlers)
[GIN-debug] GET    /api/aptusagefloor/count/apt/:apt --> repair/router.SetRouter.func149 (5 handlers)
[GIN-debug] GET    /api/aptusagefloor/find/apt/:apt --> repair/router.SetRouter.func150 (5 handlers)
[GIN-debug] DELETE /api/aptusagefloor/byapt  --> repair/router.SetRouter.func151 (5 handlers)
[GIN-debug] POST   /api/aptusagefloor        --> repair/router.SetRouter.func152 (5 handlers)
[GIN-debug] POST   /api/aptusagefloor/batch  --> repair/router.SetRouter.func153 (5 handlers)
[GIN-debug] PUT    /api/aptusagefloor        --> repair/router.SetRouter.func154 (5 handlers)
[GIN-debug] DELETE /api/aptusagefloor        --> repair/router.SetRouter.func155 (5 handlers)
[GIN-debug] DELETE /api/aptusagefloor/batch  --> repair/router.SetRouter.func156 (5 handlers)
[GIN-debug] GET    /api/aptusagefloor/count  --> repair/router.SetRouter.func157 (5 handlers)
[GIN-debug] GET    /api/aptusagefloor/:id    --> repair/router.SetRouter.func158 (5 handlers)
[GIN-debug] GET    /api/aptusagefloor        --> repair/router.SetRouter.func159 (5 handlers)
[GIN-debug] GET    /api/area/count/apt/:apt  --> repair/router.SetRouter.func160 (5 handlers)
[GIN-debug] GET    /api/area/find/apt/:apt   --> repair/router.SetRouter.func161 (5 handlers)
[GIN-debug] DELETE /api/area/byapt           --> repair/router.SetRouter.func162 (5 handlers)
[GIN-debug] POST   /api/area                 --> repair/router.SetRouter.func163 (5 handlers)
[GIN-debug] POST   /api/area/batch           --> repair/router.SetRouter.func164 (5 handlers)
[GIN-debug] PUT    /api/area                 --> repair/router.SetRouter.func165 (5 handlers)
[GIN-debug] DELETE /api/area                 --> repair/router.SetRouter.func166 (5 handlers)
[GIN-debug] DELETE /api/area/batch           --> repair/router.SetRouter.func167 (5 handlers)
[GIN-debug] GET    /api/area/count           --> repair/router.SetRouter.func168 (5 handlers)
[GIN-debug] GET    /api/area/:id             --> repair/router.SetRouter.func169 (5 handlers)
[GIN-debug] GET    /api/area                 --> repair/router.SetRouter.func170 (5 handlers)
[GIN-debug] GET    /api/blueprint/count/apt/:apt --> repair/router.SetRouter.func171 (5 handlers)
[GIN-debug] GET    /api/blueprint/find/apt/:apt --> repair/router.SetRouter.func172 (5 handlers)
[GIN-debug] PUT    /api/blueprint/filenamebyid --> repair/router.SetRouter.func173 (5 handlers)
[GIN-debug] POST   /api/blueprint            --> repair/router.SetRouter.func174 (5 handlers)
[GIN-debug] POST   /api/blueprint/batch      --> repair/router.SetRouter.func175 (5 handlers)
[GIN-debug] PUT    /api/blueprint            --> repair/router.SetRouter.func176 (5 handlers)
[GIN-debug] DELETE /api/blueprint            --> repair/router.SetRouter.func177 (5 handlers)
[GIN-debug] DELETE /api/blueprint/batch      --> repair/router.SetRouter.func178 (5 handlers)
[GIN-debug] GET    /api/blueprint/count      --> repair/router.SetRouter.func179 (5 handlers)
[GIN-debug] GET    /api/blueprint/:id        --> repair/router.SetRouter.func180 (5 handlers)
[GIN-debug] GET    /api/blueprint            --> repair/router.SetRouter.func181 (5 handlers)
[GIN-debug] GET    /api/breakdown/count/apt/:apt --> repair/router.SetRouter.func182 (5 handlers)
[GIN-debug] GET    /api/breakdown/find/apt/:apt --> repair/router.SetRouter.func183 (5 handlers)
[GIN-debug] DELETE /api/breakdown/byapt      --> repair/router.SetRouter.func184 (5 handlers)
[GIN-debug] GET    /api/breakdown/count/aptdong/:apt --> repair/router.SetRouter.func185 (5 handlers)
[GIN-debug] GET    /api/breakdown/count/aptstandard/:apt --> repair/router.SetRouter.func186 (5 handlers)
[GIN-debug] PUT    /api/breakdown/duedatebyid --> repair/router.SetRouter.func187 (5 handlers)
[GIN-debug] PUT    /api/breakdown/lastdatebyid --> repair/router.SetRouter.func188 (5 handlers)
[GIN-debug] GET    /api/breakdown/find/category/:category --> repair/router.SetRouter.func189 (5 handlers)
[GIN-debug] DELETE /api/breakdown/bycategory --> repair/router.SetRouter.func190 (5 handlers)
[GIN-debug] GET    /api/breakdown/find/method/:method --> repair/router.SetRouter.func191 (5 handlers)
[GIN-debug] PUT    /api/breakdown/subcategorybycategory --> repair/router.SetRouter.func192 (5 handlers)
[GIN-debug] POST   /api/breakdown            --> repair/router.SetRouter.func193 (5 handlers)
[GIN-debug] POST   /api/breakdown/batch      --> repair/router.SetRouter.func194 (5 handlers)
[GIN-debug] PUT    /api/breakdown            --> repair/router.SetRouter.func195 (5 handlers)
[GIN-debug] DELETE /api/breakdown            --> repair/router.SetRouter.func196 (5 handlers)
[GIN-debug] DELETE /api/breakdown/batch      --> repair/router.SetRouter.func197 (5 handlers)
[GIN-debug] GET    /api/breakdown/count      --> repair/router.SetRouter.func198 (5 handlers)
[GIN-debug] GET    /api/breakdown/:id        --> repair/router.SetRouter.func199 (5 handlers)
[GIN-debug] GET    /api/breakdown            --> repair/router.SetRouter.func200 (5 handlers)
[GIN-debug] GET    /api/breakdown/sum        --> repair/router.SetRouter.func201 (5 handlers)
[GIN-debug] GET    /api/breakdownhistory/count/apt/:apt --> repair/router.SetRouter.func202 (5 handlers)
[GIN-debug] GET    /api/breakdownhistory/find/apt/:apt --> repair/router.SetRouter.func203 (5 handlers)
[GIN-debug] DELETE /api/breakdownhistory/byapt --> repair/router.SetRouter.func204 (5 handlers)
[GIN-debug] GET    /api/breakdownhistory/count/breakdown/:breakdown --> repair/router.SetRouter.func205 (5 handlers)
[GIN-debug] GET    /api/breakdownhistory/get/breakdown/:breakdown --> repair/router.SetRouter.func206 (5 handlers)
[GIN-debug] GET    /api/breakdownhistory/find/category/:category --> repair/router.SetRouter.func207 (5 handlers)
[GIN-debug] DELETE /api/breakdownhistory/bycategory --> repair/router.SetRouter.func208 (5 handlers)
[GIN-debug] GET    /api/breakdownhistory/find/method/:method --> repair/router.SetRouter.func209 (5 handlers)
[GIN-debug] POST   /api/breakdownhistory     --> repair/router.SetRouter.func210 (5 handlers)
[GIN-debug] POST   /api/breakdownhistory/batch --> repair/router.SetRouter.func211 (5 handlers)
[GIN-debug] PUT    /api/breakdownhistory     --> repair/router.SetRouter.func212 (5 handlers)
[GIN-debug] DELETE /api/breakdownhistory     --> repair/router.SetRouter.func213 (5 handlers)
[GIN-debug] DELETE /api/breakdownhistory/batch --> repair/router.SetRouter.func214 (5 handlers)
[GIN-debug] GET    /api/breakdownhistory/count --> repair/router.SetRouter.func215 (5 handlers)
[GIN-debug] GET    /api/breakdownhistory/:id --> repair/router.SetRouter.func216 (5 handlers)
[GIN-debug] GET    /api/breakdownhistory     --> repair/router.SetRouter.func217 (5 handlers)
[GIN-debug] GET    /api/breakdownhistory/sum --> repair/router.SetRouter.func218 (5 handlers)
[GIN-debug] GET    /api/category/get/levelname/:level --> repair/router.SetRouter.func219 (5 handlers)
[GIN-debug] GET    /api/category/get/levelparentname/:level --> repair/router.SetRouter.func220 (5 handlers)
[GIN-debug] GET    /api/category/count/apt/:apt --> repair/router.SetRouter.func221 (5 handlers)
[GIN-debug] GET    /api/category/find/apt/:apt --> repair/router.SetRouter.func222 (5 handlers)
[GIN-debug] GET    /api/category/count/aptlevel/:apt --> repair/router.SetRouter.func223 (5 handlers)
[GIN-debug] GET    /api/category/find/aptlevel/:apt --> repair/router.SetRouter.func224 (5 handlers)
[GIN-debug] GET    /api/category/get/aptlevelparentname/:apt --> repair/router.SetRouter.func225 (5 handlers)
[GIN-debug] GET    /api/category/get/aptname/:apt --> repair/router.SetRouter.func226 (5 handlers)
[GIN-debug] GET    /api/category/count/aptparent/:apt --> repair/router.SetRouter.func227 (5 handlers)
[GIN-debug] GET    /api/category/find/aptparent/:apt --> repair/router.SetRouter.func228 (5 handlers)
[GIN-debug] GET    /api/category/find/aptorder/:apt --> repair/router.SetRouter.func229 (5 handlers)
[GIN-debug] POST   /api/category             --> repair/router.SetRouter.func230 (5 handlers)
[GIN-debug] POST   /api/category/batch       --> repair/router.SetRouter.func231 (5 handlers)
[GIN-debug] PUT    /api/category             --> repair/router.SetRouter.func232 (5 handlers)
[GIN-debug] DELETE /api/category             --> repair/router.SetRouter.func233 (5 handlers)
[GIN-debug] DELETE /api/category/batch       --> repair/router.SetRouter.func234 (5 handlers)
[GIN-debug] GET    /api/category/count       --> repair/router.SetRouter.func235 (5 handlers)
[GIN-debug] GET    /api/category/:id         --> repair/router.SetRouter.func236 (5 handlers)
[GIN-debug] GET    /api/category             --> repair/router.SetRouter.func237 (5 handlers)
[GIN-debug] POST   /api/comparecompany       --> repair/router.SetRouter.func238 (5 handlers)
[GIN-debug] POST   /api/comparecompany/batch --> repair/router.SetRouter.func239 (5 handlers)
[GIN-debug] PUT    /api/comparecompany       --> repair/router.SetRouter.func240 (5 handlers)
[GIN-debug] DELETE /api/comparecompany       --> repair/router.SetRouter.func241 (5 handlers)
[GIN-debug] DELETE /api/comparecompany/batch --> repair/router.SetRouter.func242 (5 handlers)
[GIN-debug] GET    /api/comparecompany/count --> repair/router.SetRouter.func243 (5 handlers)
[GIN-debug] GET    /api/comparecompany/:id   --> repair/router.SetRouter.func244 (5 handlers)
[GIN-debug] GET    /api/comparecompany       --> repair/router.SetRouter.func245 (5 handlers)
[GIN-debug] GET    /api/compareestimate/find/estimate/:estimate --> repair/router.SetRouter.func246 (5 handlers)
[GIN-debug] DELETE /api/compareestimate/byestimate --> repair/router.SetRouter.func247 (5 handlers)
[GIN-debug] POST   /api/compareestimate      --> repair/router.SetRouter.func248 (5 handlers)
[GIN-debug] POST   /api/compareestimate/batch --> repair/router.SetRouter.func249 (5 handlers)
[GIN-debug] PUT    /api/compareestimate      --> repair/router.SetRouter.func250 (5 handlers)
[GIN-debug] DELETE /api/compareestimate      --> repair/router.SetRouter.func251 (5 handlers)
[GIN-debug] DELETE /api/compareestimate/batch --> repair/router.SetRouter.func252 (5 handlers)
[GIN-debug] GET    /api/compareestimate/count --> repair/router.SetRouter.func253 (5 handlers)
[GIN-debug] GET    /api/compareestimate/:id  --> repair/router.SetRouter.func254 (5 handlers)
[GIN-debug] GET    /api/compareestimate      --> repair/router.SetRouter.func255 (5 handlers)
[GIN-debug] GET    /api/compareestimate/sum  --> repair/router.SetRouter.func256 (5 handlers)
[GIN-debug] GET    /api/contract/get/estimate/:estimate --> repair/router.SetRouter.func257 (5 handlers)
[GIN-debug] POST   /api/contract             --> repair/router.SetRouter.func258 (5 handlers)
[GIN-debug] POST   /api/contract/batch       --> repair/router.SetRouter.func259 (5 handlers)
[GIN-debug] PUT    /api/contract             --> repair/router.SetRouter.func260 (5 handlers)
[GIN-debug] DELETE /api/contract             --> repair/router.SetRouter.func261 (5 handlers)
[GIN-debug] DELETE /api/contract/batch       --> repair/router.SetRouter.func262 (5 handlers)
[GIN-debug] GET    /api/contract/count       --> repair/router.SetRouter.func263 (5 handlers)
[GIN-debug] GET    /api/contract/:id         --> repair/router.SetRouter.func264 (5 handlers)
[GIN-debug] GET    /api/contract             --> repair/router.SetRouter.func265 (5 handlers)
[GIN-debug] GET    /api/contract/sum         --> repair/router.SetRouter.func266 (5 handlers)
[GIN-debug] POST   /api/datacategory         --> repair/router.SetRouter.func267 (5 handlers)
[GIN-debug] POST   /api/datacategory/batch   --> repair/router.SetRouter.func268 (5 handlers)
[GIN-debug] PUT    /api/datacategory         --> repair/router.SetRouter.func269 (5 handlers)
[GIN-debug] DELETE /api/datacategory         --> repair/router.SetRouter.func270 (5 handlers)
[GIN-debug] DELETE /api/datacategory/batch   --> repair/router.SetRouter.func271 (5 handlers)
[GIN-debug] GET    /api/datacategory/count   --> repair/router.SetRouter.func272 (5 handlers)
[GIN-debug] GET    /api/datacategory/:id     --> repair/router.SetRouter.func273 (5 handlers)
[GIN-debug] GET    /api/datacategory         --> repair/router.SetRouter.func274 (5 handlers)
[GIN-debug] POST   /api/detail               --> repair/router.SetRouter.func275 (5 handlers)
[GIN-debug] POST   /api/detail/batch         --> repair/router.SetRouter.func276 (5 handlers)
[GIN-debug] PUT    /api/detail               --> repair/router.SetRouter.func277 (5 handlers)
[GIN-debug] DELETE /api/detail               --> repair/router.SetRouter.func278 (5 handlers)
[GIN-debug] DELETE /api/detail/batch         --> repair/router.SetRouter.func279 (5 handlers)
[GIN-debug] GET    /api/detail/count         --> repair/router.SetRouter.func280 (5 handlers)
[GIN-debug] GET    /api/detail/:id           --> repair/router.SetRouter.func281 (5 handlers)
[GIN-debug] GET    /api/detail               --> repair/router.SetRouter.func282 (5 handlers)
[GIN-debug] GET    /api/detail/sum           --> repair/router.SetRouter.func283 (5 handlers)
[GIN-debug] GET    /api/detailtechnician/count/detail/:detail --> repair/router.SetRouter.func284 (5 handlers)
[GIN-debug] GET    /api/detailtechnician/find/detail/:detail --> repair/router.SetRouter.func285 (5 handlers)
[GIN-debug] DELETE /api/detailtechnician/bydetail --> repair/router.SetRouter.func286 (5 handlers)
[GIN-debug] POST   /api/detailtechnician     --> repair/router.SetRouter.func287 (5 handlers)
[GIN-debug] POST   /api/detailtechnician/batch --> repair/router.SetRouter.func288 (5 handlers)
[GIN-debug] PUT    /api/detailtechnician     --> repair/router.SetRouter.func289 (5 handlers)
[GIN-debug] DELETE /api/detailtechnician     --> repair/router.SetRouter.func290 (5 handlers)
[GIN-debug] DELETE /api/detailtechnician/batch --> repair/router.SetRouter.func291 (5 handlers)
[GIN-debug] GET    /api/detailtechnician/count --> repair/router.SetRouter.func292 (5 handlers)
[GIN-debug] GET    /api/detailtechnician/:id --> repair/router.SetRouter.func293 (5 handlers)
[GIN-debug] GET    /api/detailtechnician     --> repair/router.SetRouter.func294 (5 handlers)
[GIN-debug] GET    /api/dong/count/apt/:apt  --> repair/router.SetRouter.func295 (5 handlers)
[GIN-debug] GET    /api/dong/find/apt/:apt   --> repair/router.SetRouter.func296 (5 handlers)
[GIN-debug] DELETE /api/dong/byapt           --> repair/router.SetRouter.func297 (5 handlers)
[GIN-debug] POST   /api/dong                 --> repair/router.SetRouter.func298 (5 handlers)
[GIN-debug] POST   /api/dong/batch           --> repair/router.SetRouter.func299 (5 handlers)
[GIN-debug] PUT    /api/dong                 --> repair/router.SetRouter.func300 (5 handlers)
[GIN-debug] DELETE /api/dong                 --> repair/router.SetRouter.func301 (5 handlers)
[GIN-debug] DELETE /api/dong/batch           --> repair/router.SetRouter.func302 (5 handlers)
[GIN-debug] GET    /api/dong/count           --> repair/router.SetRouter.func303 (5 handlers)
[GIN-debug] GET    /api/dong/:id             --> repair/router.SetRouter.func304 (5 handlers)
[GIN-debug] GET    /api/dong                 --> repair/router.SetRouter.func305 (5 handlers)
[GIN-debug] POST   /api/estimate/batch       --> repair/router.SetRouter.func306 (5 handlers)
[GIN-debug] DELETE /api/estimate/batch       --> repair/router.SetRouter.func307 (5 handlers)
[GIN-debug] GET    /api/estimate/count       --> repair/router.SetRouter.func308 (5 handlers)
[GIN-debug] GET    /api/estimate/:id         --> repair/router.SetRouter.func309 (5 handlers)
[GIN-debug] GET    /api/estimate/sum         --> repair/router.SetRouter.func310 (5 handlers)
[GIN-debug] POST   /api/facilitycategory     --> repair/router.SetRouter.func311 (5 handlers)
[GIN-debug] POST   /api/facilitycategory/batch --> repair/router.SetRouter.func312 (5 handlers)
[GIN-debug] PUT    /api/facilitycategory     --> repair/router.SetRouter.func313 (5 handlers)
[GIN-debug] DELETE /api/facilitycategory     --> repair/router.SetRouter.func314 (5 handlers)
[GIN-debug] DELETE /api/facilitycategory/batch --> repair/router.SetRouter.func315 (5 handlers)
[GIN-debug] GET    /api/facilitycategory/count --> repair/router.SetRouter.func316 (5 handlers)
[GIN-debug] GET    /api/facilitycategory/:id --> repair/router.SetRouter.func317 (5 handlers)
[GIN-debug] GET    /api/facilitycategory     --> repair/router.SetRouter.func318 (5 handlers)
[GIN-debug] GET    /api/file/count/apt/:apt  --> repair/router.SetRouter.func319 (5 handlers)
[GIN-debug] GET    /api/file/find/apt/:apt   --> repair/router.SetRouter.func320 (5 handlers)
[GIN-debug] DELETE /api/file/byapt           --> repair/router.SetRouter.func321 (5 handlers)
[GIN-debug] POST   /api/file                 --> repair/router.SetRouter.func322 (5 handlers)
[GIN-debug] POST   /api/file/batch           --> repair/router.SetRouter.func323 (5 handlers)
[GIN-debug] PUT    /api/file                 --> repair/router.SetRouter.func324 (5 handlers)
[GIN-debug] DELETE /api/file                 --> repair/router.SetRouter.func325 (5 handlers)
[GIN-debug] DELETE /api/file/batch           --> repair/router.SetRouter.func326 (5 handlers)
[GIN-debug] GET    /api/file/count           --> repair/router.SetRouter.func327 (5 handlers)
[GIN-debug] GET    /api/file/:id             --> repair/router.SetRouter.func328 (5 handlers)
[GIN-debug] GET    /api/file                 --> repair/router.SetRouter.func329 (5 handlers)
[GIN-debug] GET    /api/history/count/apt/:apt --> repair/router.SetRouter.func330 (5 handlers)
[GIN-debug] GET    /api/history/find/apt/:apt --> repair/router.SetRouter.func331 (5 handlers)
[GIN-debug] DELETE /api/history/byapt        --> repair/router.SetRouter.func332 (5 handlers)
[GIN-debug] GET    /api/history/find/category/:category --> repair/router.SetRouter.func333 (5 handlers)
[GIN-debug] DELETE /api/history/bycategory   --> repair/router.SetRouter.func334 (5 handlers)
[GIN-debug] POST   /api/history              --> repair/router.SetRouter.func335 (5 handlers)
[GIN-debug] POST   /api/history/batch        --> repair/router.SetRouter.func336 (5 handlers)
[GIN-debug] PUT    /api/history              --> repair/router.SetRouter.func337 (5 handlers)
[GIN-debug] DELETE /api/history              --> repair/router.SetRouter.func338 (5 handlers)
[GIN-debug] DELETE /api/history/batch        --> repair/router.SetRouter.func339 (5 handlers)
[GIN-debug] GET    /api/history/count        --> repair/router.SetRouter.func340 (5 handlers)
[GIN-debug] GET    /api/history/:id          --> repair/router.SetRouter.func341 (5 handlers)
[GIN-debug] GET    /api/history              --> repair/router.SetRouter.func342 (5 handlers)
[GIN-debug] GET    /api/history/sum          --> repair/router.SetRouter.func343 (5 handlers)
[GIN-debug] POST   /api/inquiry              --> repair/router.SetRouter.func344 (5 handlers)
[GIN-debug] POST   /api/inquiry/batch        --> repair/router.SetRouter.func345 (5 handlers)
[GIN-debug] PUT    /api/inquiry              --> repair/router.SetRouter.func346 (5 handlers)
[GIN-debug] DELETE /api/inquiry              --> repair/router.SetRouter.func347 (5 handlers)
[GIN-debug] DELETE /api/inquiry/batch        --> repair/router.SetRouter.func348 (5 handlers)
[GIN-debug] GET    /api/inquiry/count        --> repair/router.SetRouter.func349 (5 handlers)
[GIN-debug] GET    /api/inquiry/:id          --> repair/router.SetRouter.func350 (5 handlers)
[GIN-debug] GET    /api/inquiry              --> repair/router.SetRouter.func351 (5 handlers)
[GIN-debug] DELETE /api/managebook/byperiodic --> repair/router.SetRouter.func352 (5 handlers)
[GIN-debug] DELETE /api/managebook/bymanagebookcategory --> repair/router.SetRouter.func353 (5 handlers)
[GIN-debug] POST   /api/managebook           --> repair/router.SetRouter.func354 (5 handlers)
[GIN-debug] POST   /api/managebook/batch     --> repair/router.SetRouter.func355 (5 handlers)
[GIN-debug] PUT    /api/managebook           --> repair/router.SetRouter.func356 (5 handlers)
[GIN-debug] DELETE /api/managebook           --> repair/router.SetRouter.func357 (5 handlers)
[GIN-debug] DELETE /api/managebook/batch     --> repair/router.SetRouter.func358 (5 handlers)
[GIN-debug] GET    /api/managebook/count     --> repair/router.SetRouter.func359 (5 handlers)
[GIN-debug] GET    /api/managebook/:id       --> repair/router.SetRouter.func360 (5 handlers)
[GIN-debug] GET    /api/managebook           --> repair/router.SetRouter.func361 (5 handlers)
[GIN-debug] POST   /api/managebookcategory   --> repair/router.SetRouter.func362 (5 handlers)
[GIN-debug] POST   /api/managebookcategory/batch --> repair/router.SetRouter.func363 (5 handlers)
[GIN-debug] PUT    /api/managebookcategory   --> repair/router.SetRouter.func364 (5 handlers)
[GIN-debug] DELETE /api/managebookcategory   --> repair/router.SetRouter.func365 (5 handlers)
[GIN-debug] DELETE /api/managebookcategory/batch --> repair/router.SetRouter.func366 (5 handlers)
[GIN-debug] GET    /api/managebookcategory/count --> repair/router.SetRouter.func367 (5 handlers)
[GIN-debug] GET    /api/managebookcategory/:id --> repair/router.SetRouter.func368 (5 handlers)
[GIN-debug] GET    /api/managebookcategory   --> repair/router.SetRouter.func369 (5 handlers)
[GIN-debug] POST   /api/oldapt               --> repair/router.SetRouter.func370 (5 handlers)
[GIN-debug] POST   /api/oldapt/batch         --> repair/router.SetRouter.func371 (5 handlers)
[GIN-debug] PUT    /api/oldapt               --> repair/router.SetRouter.func372 (5 handlers)
[GIN-debug] DELETE /api/oldapt               --> repair/router.SetRouter.func373 (5 handlers)
[GIN-debug] DELETE /api/oldapt/batch         --> repair/router.SetRouter.func374 (5 handlers)
[GIN-debug] GET    /api/oldapt/count         --> repair/router.SetRouter.func375 (5 handlers)
[GIN-debug] GET    /api/oldapt/:id           --> repair/router.SetRouter.func376 (5 handlers)
[GIN-debug] GET    /api/oldapt               --> repair/router.SetRouter.func377 (5 handlers)
[GIN-debug] POST   /api/olddata              --> repair/router.SetRouter.func378 (5 handlers)
[GIN-debug] POST   /api/olddata/batch        --> repair/router.SetRouter.func379 (5 handlers)
[GIN-debug] PUT    /api/olddata              --> repair/router.SetRouter.func380 (5 handlers)
[GIN-debug] DELETE /api/olddata              --> repair/router.SetRouter.func381 (5 handlers)
[GIN-debug] DELETE /api/olddata/batch        --> repair/router.SetRouter.func382 (5 handlers)
[GIN-debug] GET    /api/olddata/count        --> repair/router.SetRouter.func383 (5 handlers)
[GIN-debug] GET    /api/olddata/:id          --> repair/router.SetRouter.func384 (5 handlers)
[GIN-debug] GET    /api/olddata              --> repair/router.SetRouter.func385 (5 handlers)
[GIN-debug] GET    /api/olddata/sum          --> repair/router.SetRouter.func386 (5 handlers)
[GIN-debug] POST   /api/oldimage             --> repair/router.SetRouter.func387 (5 handlers)
[GIN-debug] POST   /api/oldimage/batch       --> repair/router.SetRouter.func388 (5 handlers)
[GIN-debug] PUT    /api/oldimage             --> repair/router.SetRouter.func389 (5 handlers)
[GIN-debug] DELETE /api/oldimage             --> repair/router.SetRouter.func390 (5 handlers)
[GIN-debug] DELETE /api/oldimage/batch       --> repair/router.SetRouter.func391 (5 handlers)
[GIN-debug] GET    /api/oldimage/count       --> repair/router.SetRouter.func392 (5 handlers)
[GIN-debug] GET    /api/oldimage/:id         --> repair/router.SetRouter.func393 (5 handlers)
[GIN-debug] GET    /api/oldimage             --> repair/router.SetRouter.func394 (5 handlers)
[GIN-debug] POST   /api/outline              --> repair/router.SetRouter.func395 (5 handlers)
[GIN-debug] POST   /api/outline/batch        --> repair/router.SetRouter.func396 (5 handlers)
[GIN-debug] PUT    /api/outline              --> repair/router.SetRouter.func397 (5 handlers)
[GIN-debug] DELETE /api/outline              --> repair/router.SetRouter.func398 (5 handlers)
[GIN-debug] DELETE /api/outline/batch        --> repair/router.SetRouter.func399 (5 handlers)
[GIN-debug] GET    /api/outline/count        --> repair/router.SetRouter.func400 (5 handlers)
[GIN-debug] GET    /api/outline/:id          --> repair/router.SetRouter.func401 (5 handlers)
[GIN-debug] GET    /api/outline              --> repair/router.SetRouter.func402 (5 handlers)
[GIN-debug] GET    /api/outline/sum          --> repair/router.SetRouter.func403 (5 handlers)
[GIN-debug] POST   /api/outlineplan          --> repair/router.SetRouter.func404 (5 handlers)
[GIN-debug] POST   /api/outlineplan/batch    --> repair/router.SetRouter.func405 (5 handlers)
[GIN-debug] PUT    /api/outlineplan          --> repair/router.SetRouter.func406 (5 handlers)
[GIN-debug] DELETE /api/outlineplan          --> repair/router.SetRouter.func407 (5 handlers)
[GIN-debug] DELETE /api/outlineplan/batch    --> repair/router.SetRouter.func408 (5 handlers)
[GIN-debug] GET    /api/outlineplan/count    --> repair/router.SetRouter.func409 (5 handlers)
[GIN-debug] GET    /api/outlineplan/:id      --> repair/router.SetRouter.func410 (5 handlers)
[GIN-debug] GET    /api/outlineplan          --> repair/router.SetRouter.func411 (5 handlers)
[GIN-debug] GET    /api/outlineplan/sum      --> repair/router.SetRouter.func412 (5 handlers)
[GIN-debug] GET    /api/patrol/count/apt/:apt --> repair/router.SetRouter.func413 (5 handlers)
[GIN-debug] GET    /api/patrol/find/apt/:apt --> repair/router.SetRouter.func414 (5 handlers)
[GIN-debug] POST   /api/patrol               --> repair/router.SetRouter.func415 (5 handlers)
[GIN-debug] POST   /api/patrol/batch         --> repair/router.SetRouter.func416 (5 handlers)
[GIN-debug] PUT    /api/patrol               --> repair/router.SetRouter.func417 (5 handlers)
[GIN-debug] DELETE /api/patrol               --> repair/router.SetRouter.func418 (5 handlers)
[GIN-debug] DELETE /api/patrol/batch         --> repair/router.SetRouter.func419 (5 handlers)
[GIN-debug] GET    /api/patrol/count         --> repair/router.SetRouter.func420 (5 handlers)
[GIN-debug] GET    /api/patrol/:id           --> repair/router.SetRouter.func421 (5 handlers)
[GIN-debug] GET    /api/patrol               --> repair/router.SetRouter.func422 (5 handlers)
[GIN-debug] GET    /api/patrolimage/count/apt/:apt --> repair/router.SetRouter.func423 (5 handlers)
[GIN-debug] GET    /api/patrolimage/find/apt/:apt --> repair/router.SetRouter.func424 (5 handlers)
[GIN-debug] GET    /api/patrolimage/count/patrol/:patrol --> repair/router.SetRouter.func425 (5 handlers)
[GIN-debug] GET    /api/patrolimage/find/patrol/:patrol --> repair/router.SetRouter.func426 (5 handlers)
[GIN-debug] POST   /api/patrolimage          --> repair/router.SetRouter.func427 (5 handlers)
[GIN-debug] POST   /api/patrolimage/batch    --> repair/router.SetRouter.func428 (5 handlers)
[GIN-debug] PUT    /api/patrolimage          --> repair/router.SetRouter.func429 (5 handlers)
[GIN-debug] DELETE /api/patrolimage          --> repair/router.SetRouter.func430 (5 handlers)
[GIN-debug] DELETE /api/patrolimage/batch    --> repair/router.SetRouter.func431 (5 handlers)
[GIN-debug] GET    /api/patrolimage/count    --> repair/router.SetRouter.func432 (5 handlers)
[GIN-debug] GET    /api/patrolimage/:id      --> repair/router.SetRouter.func433 (5 handlers)
[GIN-debug] GET    /api/patrolimage          --> repair/router.SetRouter.func434 (5 handlers)
[GIN-debug] POST   /api/patrolimages         --> repair/router.SetRouter.func435 (5 handlers)
[GIN-debug] POST   /api/patrolimages/batch   --> repair/router.SetRouter.func436 (5 handlers)
[GIN-debug] PUT    /api/patrolimages         --> repair/router.SetRouter.func437 (5 handlers)
[GIN-debug] DELETE /api/patrolimages         --> repair/router.SetRouter.func438 (5 handlers)
[GIN-debug] DELETE /api/patrolimages/batch   --> repair/router.SetRouter.func439 (5 handlers)
[GIN-debug] GET    /api/patrolimages/count   --> repair/router.SetRouter.func440 (5 handlers)
[GIN-debug] GET    /api/patrolimages/:id     --> repair/router.SetRouter.func441 (5 handlers)
[GIN-debug] GET    /api/patrolimages         --> repair/router.SetRouter.func442 (5 handlers)
[GIN-debug] POST   /api/periodic             --> repair/router.SetRouter.func443 (5 handlers)
[GIN-debug] POST   /api/periodic/batch       --> repair/router.SetRouter.func444 (5 handlers)
[GIN-debug] PUT    /api/periodic             --> repair/router.SetRouter.func445 (5 handlers)
[GIN-debug] DELETE /api/periodic             --> repair/router.SetRouter.func446 (5 handlers)
[GIN-debug] DELETE /api/periodic/batch       --> repair/router.SetRouter.func447 (5 handlers)
[GIN-debug] GET    /api/periodic/count       --> repair/router.SetRouter.func448 (5 handlers)
[GIN-debug] GET    /api/periodic/:id         --> repair/router.SetRouter.func449 (5 handlers)
[GIN-debug] GET    /api/periodic             --> repair/router.SetRouter.func450 (5 handlers)
[GIN-debug] GET    /api/periodic/sum         --> repair/router.SetRouter.func451 (5 handlers)
[GIN-debug] GET    /api/periodicblueprintzoom/get/periodicblueprint/:periodic --> repair/router.SetRouter.func452 (5 handlers)
[GIN-debug] PUT    /api/periodicblueprintzoom/statusbyperiodicblueprint --> repair/router.SetRouter.func453 (5 handlers)
[GIN-debug] DELETE /api/periodicblueprintzoom/byperiodicblueprint --> repair/router.SetRouter.func454 (5 handlers)
[GIN-debug] POST   /api/periodicblueprintzoom --> repair/router.SetRouter.func455 (5 handlers)
[GIN-debug] POST   /api/periodicblueprintzoom/batch --> repair/router.SetRouter.func456 (5 handlers)
[GIN-debug] PUT    /api/periodicblueprintzoom --> repair/router.SetRouter.func457 (5 handlers)
[GIN-debug] DELETE /api/periodicblueprintzoom --> repair/router.SetRouter.func458 (5 handlers)
[GIN-debug] DELETE /api/periodicblueprintzoom/batch --> repair/router.SetRouter.func459 (5 handlers)
[GIN-debug] GET    /api/periodicblueprintzoom/count --> repair/router.SetRouter.func460 (5 handlers)
[GIN-debug] GET    /api/periodicblueprintzoom/:id --> repair/router.SetRouter.func461 (5 handlers)
[GIN-debug] GET    /api/periodicblueprintzoom --> repair/router.SetRouter.func462 (5 handlers)
[GIN-debug] POST   /api/periodicchange       --> repair/router.SetRouter.func463 (5 handlers)
[GIN-debug] POST   /api/periodicchange/batch --> repair/router.SetRouter.func464 (5 handlers)
[GIN-debug] PUT    /api/periodicchange       --> repair/router.SetRouter.func465 (5 handlers)
[GIN-debug] DELETE /api/periodicchange       --> repair/router.SetRouter.func466 (5 handlers)
[GIN-debug] DELETE /api/periodicchange/batch --> repair/router.SetRouter.func467 (5 handlers)
[GIN-debug] GET    /api/periodicchange/count --> repair/router.SetRouter.func468 (5 handlers)
[GIN-debug] GET    /api/periodicchange/:id   --> repair/router.SetRouter.func469 (5 handlers)
[GIN-debug] GET    /api/periodicchange       --> repair/router.SetRouter.func470 (5 handlers)
[GIN-debug] POST   /api/periodiccheck        --> repair/router.SetRouter.func471 (5 handlers)
[GIN-debug] POST   /api/periodiccheck/batch  --> repair/router.SetRouter.func472 (5 handlers)
[GIN-debug] PUT    /api/periodiccheck        --> repair/router.SetRouter.func473 (5 handlers)
[GIN-debug] DELETE /api/periodiccheck        --> repair/router.SetRouter.func474 (5 handlers)
[GIN-debug] DELETE /api/periodiccheck/batch  --> repair/router.SetRouter.func475 (5 handlers)
[GIN-debug] GET    /api/periodiccheck/count  --> repair/router.SetRouter.func476 (5 handlers)
[GIN-debug] GET    /api/periodiccheck/:id    --> repair/router.SetRouter.func477 (5 handlers)
[GIN-debug] GET    /api/periodiccheck        --> repair/router.SetRouter.func478 (5 handlers)
[GIN-debug] DELETE /api/periodicdata/byperiodicblueprint --> repair/router.SetRouter.func479 (5 handlers)
[GIN-debug] POST   /api/periodicdata         --> repair/router.SetRouter.func480 (5 handlers)
[GIN-debug] POST   /api/periodicdata/batch   --> repair/router.SetRouter.func481 (5 handlers)
[GIN-debug] PUT    /api/periodicdata         --> repair/router.SetRouter.func482 (5 handlers)
[GIN-debug] DELETE /api/periodicdata         --> repair/router.SetRouter.func483 (5 handlers)
[GIN-debug] DELETE /api/periodicdata/batch   --> repair/router.SetRouter.func484 (5 handlers)
[GIN-debug] GET    /api/periodicdata/count   --> repair/router.SetRouter.func485 (5 handlers)
[GIN-debug] GET    /api/periodicdata/:id     --> repair/router.SetRouter.func486 (5 handlers)
[GIN-debug] GET    /api/periodicdata         --> repair/router.SetRouter.func487 (5 handlers)
[GIN-debug] GET    /api/periodicdata/sum     --> repair/router.SetRouter.func488 (5 handlers)
[GIN-debug] GET    /api/periodicdatabackup/count --> repair/router.SetRouter.func489 (5 handlers)
[GIN-debug] GET    /api/periodicdatabackup/:id --> repair/router.SetRouter.func490 (5 handlers)
[GIN-debug] GET    /api/periodicdatabackup   --> repair/router.SetRouter.func491 (5 handlers)
[GIN-debug] GET    /api/periodicdatabackup/sum --> repair/router.SetRouter.func492 (5 handlers)
[GIN-debug] GET    /api/periodicdataimage/get/periodic/:periodic --> repair/router.SetRouter.func493 (5 handlers)
[GIN-debug] GET    /api/periodicdataimage/count/offlinefilename/:offlinefilename --> repair/router.SetRouter.func494 (5 handlers)
[GIN-debug] DELETE /api/periodicdataimage/byperiodicdata --> repair/router.SetRouter.func495 (5 handlers)
[GIN-debug] POST   /api/periodicdataimage    --> repair/router.SetRouter.func496 (5 handlers)
[GIN-debug] POST   /api/periodicdataimage/batch --> repair/router.SetRouter.func497 (5 handlers)
[GIN-debug] PUT    /api/periodicdataimage    --> repair/router.SetRouter.func498 (5 handlers)
[GIN-debug] DELETE /api/periodicdataimage    --> repair/router.SetRouter.func499 (5 handlers)
[GIN-debug] DELETE /api/periodicdataimage/batch --> repair/router.SetRouter.func500 (5 handlers)
[GIN-debug] GET    /api/periodicdataimage/count --> repair/router.SetRouter.func501 (5 handlers)
[GIN-debug] GET    /api/periodicdataimage/:id --> repair/router.SetRouter.func502 (5 handlers)
[GIN-debug] GET    /api/periodicdataimage    --> repair/router.SetRouter.func503 (5 handlers)
[GIN-debug] GET    /api/periodicimage/get/periodic/:periodic --> repair/router.SetRouter.func504 (5 handlers)
[GIN-debug] GET    /api/periodicimage/count/offlinefilename/:offlinefilename --> repair/router.SetRouter.func505 (5 handlers)
[GIN-debug] POST   /api/periodicimage        --> repair/router.SetRouter.func506 (5 handlers)
[GIN-debug] POST   /api/periodicimage/batch  --> repair/router.SetRouter.func507 (5 handlers)
[GIN-debug] PUT    /api/periodicimage        --> repair/router.SetRouter.func508 (5 handlers)
[GIN-debug] DELETE /api/periodicimage        --> repair/router.SetRouter.func509 (5 handlers)
[GIN-debug] DELETE /api/periodicimage/batch  --> repair/router.SetRouter.func510 (5 handlers)
[GIN-debug] GET    /api/periodicimage/count  --> repair/router.SetRouter.func511 (5 handlers)
[GIN-debug] GET    /api/periodicimage/:id    --> repair/router.SetRouter.func512 (5 handlers)
[GIN-debug] GET    /api/periodicimage        --> repair/router.SetRouter.func513 (5 handlers)
[GIN-debug] GET    /api/periodicincidental/get/periodic/:periodic --> repair/router.SetRouter.func514 (5 handlers)
[GIN-debug] POST   /api/periodicincidental   --> repair/router.SetRouter.func515 (5 handlers)
[GIN-debug] POST   /api/periodicincidental/batch --> repair/router.SetRouter.func516 (5 handlers)
[GIN-debug] PUT    /api/periodicincidental   --> repair/router.SetRouter.func517 (5 handlers)
[GIN-debug] DELETE /api/periodicincidental   --> repair/router.SetRouter.func518 (5 handlers)
[GIN-debug] DELETE /api/periodicincidental/batch --> repair/router.SetRouter.func519 (5 handlers)
[GIN-debug] GET    /api/periodicincidental/count --> repair/router.SetRouter.func520 (5 handlers)
[GIN-debug] GET    /api/periodicincidental/:id --> repair/router.SetRouter.func521 (5 handlers)
[GIN-debug] GET    /api/periodicincidental   --> repair/router.SetRouter.func522 (5 handlers)
[GIN-debug] GET    /api/periodickeep/get/periodic/:periodic --> repair/router.SetRouter.func523 (5 handlers)
[GIN-debug] POST   /api/periodickeep         --> repair/router.SetRouter.func524 (5 handlers)
[GIN-debug] POST   /api/periodickeep/batch   --> repair/router.SetRouter.func525 (5 handlers)
[GIN-debug] PUT    /api/periodickeep         --> repair/router.SetRouter.func526 (5 handlers)
[GIN-debug] DELETE /api/periodickeep         --> repair/router.SetRouter.func527 (5 handlers)
[GIN-debug] DELETE /api/periodickeep/batch   --> repair/router.SetRouter.func528 (5 handlers)
[GIN-debug] GET    /api/periodickeep/count   --> repair/router.SetRouter.func529 (5 handlers)
[GIN-debug] GET    /api/periodickeep/:id     --> repair/router.SetRouter.func530 (5 handlers)
[GIN-debug] GET    /api/periodickeep         --> repair/router.SetRouter.func531 (5 handlers)
[GIN-debug] GET    /api/periodicopinion/get/periodic/:periodic --> repair/router.SetRouter.func532 (5 handlers)
[GIN-debug] POST   /api/periodicopinion      --> repair/router.SetRouter.func533 (5 handlers)
[GIN-debug] POST   /api/periodicopinion/batch --> repair/router.SetRouter.func534 (5 handlers)
[GIN-debug] PUT    /api/periodicopinion      --> repair/router.SetRouter.func535 (5 handlers)
[GIN-debug] DELETE /api/periodicopinion      --> repair/router.SetRouter.func536 (5 handlers)
[GIN-debug] DELETE /api/periodicopinion/batch --> repair/router.SetRouter.func537 (5 handlers)
[GIN-debug] GET    /api/periodicopinion/count --> repair/router.SetRouter.func538 (5 handlers)
[GIN-debug] GET    /api/periodicopinion/:id  --> repair/router.SetRouter.func539 (5 handlers)
[GIN-debug] GET    /api/periodicopinion      --> repair/router.SetRouter.func540 (5 handlers)
[GIN-debug] POST   /api/periodicother        --> repair/router.SetRouter.func541 (5 handlers)
[GIN-debug] POST   /api/periodicother/batch  --> repair/router.SetRouter.func542 (5 handlers)
[GIN-debug] PUT    /api/periodicother        --> repair/router.SetRouter.func543 (5 handlers)
[GIN-debug] DELETE /api/periodicother        --> repair/router.SetRouter.func544 (5 handlers)
[GIN-debug] DELETE /api/periodicother/batch  --> repair/router.SetRouter.func545 (5 handlers)
[GIN-debug] GET    /api/periodicother/count  --> repair/router.SetRouter.func546 (5 handlers)
[GIN-debug] GET    /api/periodicother/:id    --> repair/router.SetRouter.func547 (5 handlers)
[GIN-debug] GET    /api/periodicother        --> repair/router.SetRouter.func548 (5 handlers)
[GIN-debug] GET    /api/periodicotheretc/get/periodic/:periodic --> repair/router.SetRouter.func549 (5 handlers)
[GIN-debug] POST   /api/periodicotheretc     --> repair/router.SetRouter.func550 (5 handlers)
[GIN-debug] POST   /api/periodicotheretc/batch --> repair/router.SetRouter.func551 (5 handlers)
[GIN-debug] PUT    /api/periodicotheretc     --> repair/router.SetRouter.func552 (5 handlers)
[GIN-debug] DELETE /api/periodicotheretc     --> repair/router.SetRouter.func553 (5 handlers)
[GIN-debug] DELETE /api/periodicotheretc/batch --> repair/router.SetRouter.func554 (5 handlers)
[GIN-debug] GET    /api/periodicotheretc/count --> repair/router.SetRouter.func555 (5 handlers)
[GIN-debug] GET    /api/periodicotheretc/:id --> repair/router.SetRouter.func556 (5 handlers)
[GIN-debug] GET    /api/periodicotheretc     --> repair/router.SetRouter.func557 (5 handlers)
[GIN-debug] GET    /api/periodicouterwall/get/periodic/:periodic --> repair/router.SetRouter.func558 (5 handlers)
[GIN-debug] POST   /api/periodicouterwall    --> repair/router.SetRouter.func559 (5 handlers)
[GIN-debug] POST   /api/periodicouterwall/batch --> repair/router.SetRouter.func560 (5 handlers)
[GIN-debug] PUT    /api/periodicouterwall    --> repair/router.SetRouter.func561 (5 handlers)
[GIN-debug] DELETE /api/periodicouterwall    --> repair/router.SetRouter.func562 (5 handlers)
[GIN-debug] DELETE /api/periodicouterwall/batch --> repair/router.SetRouter.func563 (5 handlers)
[GIN-debug] GET    /api/periodicouterwall/count --> repair/router.SetRouter.func564 (5 handlers)
[GIN-debug] GET    /api/periodicouterwall/:id --> repair/router.SetRouter.func565 (5 handlers)
[GIN-debug] GET    /api/periodicouterwall    --> repair/router.SetRouter.func566 (5 handlers)
[GIN-debug] POST   /api/periodicpast         --> repair/router.SetRouter.func567 (5 handlers)
[GIN-debug] POST   /api/periodicpast/batch   --> repair/router.SetRouter.func568 (5 handlers)
[GIN-debug] PUT    /api/periodicpast         --> repair/router.SetRouter.func569 (5 handlers)
[GIN-debug] DELETE /api/periodicpast         --> repair/router.SetRouter.func570 (5 handlers)
[GIN-debug] DELETE /api/periodicpast/batch   --> repair/router.SetRouter.func571 (5 handlers)
[GIN-debug] GET    /api/periodicpast/count   --> repair/router.SetRouter.func572 (5 handlers)
[GIN-debug] GET    /api/periodicpast/:id     --> repair/router.SetRouter.func573 (5 handlers)
[GIN-debug] GET    /api/periodicpast         --> repair/router.SetRouter.func574 (5 handlers)
[GIN-debug] POST   /api/periodicresult       --> repair/router.SetRouter.func575 (5 handlers)
[GIN-debug] POST   /api/periodicresult/batch --> repair/router.SetRouter.func576 (5 handlers)
[GIN-debug] PUT    /api/periodicresult       --> repair/router.SetRouter.func577 (5 handlers)
[GIN-debug] DELETE /api/periodicresult       --> repair/router.SetRouter.func578 (5 handlers)
[GIN-debug] DELETE /api/periodicresult/batch --> repair/router.SetRouter.func579 (5 handlers)
[GIN-debug] GET    /api/periodicresult/count --> repair/router.SetRouter.func580 (5 handlers)
[GIN-debug] GET    /api/periodicresult/:id   --> repair/router.SetRouter.func581 (5 handlers)
[GIN-debug] GET    /api/periodicresult       --> repair/router.SetRouter.func582 (5 handlers)
[GIN-debug] GET    /api/periodictechnician/count/periodic/:periodic --> repair/router.SetRouter.func583 (5 handlers)
[GIN-debug] GET    /api/periodictechnician/find/periodic/:periodic --> repair/router.SetRouter.func584 (5 handlers)
[GIN-debug] DELETE /api/periodictechnician/byperiodic --> repair/router.SetRouter.func585 (5 handlers)
[GIN-debug] POST   /api/periodictechnician   --> repair/router.SetRouter.func586 (5 handlers)
[GIN-debug] POST   /api/periodictechnician/batch --> repair/router.SetRouter.func587 (5 handlers)
[GIN-debug] PUT    /api/periodictechnician   --> repair/router.SetRouter.func588 (5 handlers)
[GIN-debug] DELETE /api/periodictechnician   --> repair/router.SetRouter.func589 (5 handlers)
[GIN-debug] DELETE /api/periodictechnician/batch --> repair/router.SetRouter.func590 (5 handlers)
[GIN-debug] GET    /api/periodictechnician/count --> repair/router.SetRouter.func591 (5 handlers)
[GIN-debug] GET    /api/periodictechnician/:id --> repair/router.SetRouter.func592 (5 handlers)
[GIN-debug] GET    /api/periodictechnician   --> repair/router.SetRouter.func593 (5 handlers)
[GIN-debug] POST   /api/program              --> repair/router.SetRouter.func594 (5 handlers)
[GIN-debug] POST   /api/program/batch        --> repair/router.SetRouter.func595 (5 handlers)
[GIN-debug] PUT    /api/program              --> repair/router.SetRouter.func596 (5 handlers)
[GIN-debug] DELETE /api/program              --> repair/router.SetRouter.func597 (5 handlers)
[GIN-debug] DELETE /api/program/batch        --> repair/router.SetRouter.func598 (5 handlers)
[GIN-debug] GET    /api/program/count        --> repair/router.SetRouter.func599 (5 handlers)
[GIN-debug] GET    /api/program/:id          --> repair/router.SetRouter.func600 (5 handlers)
[GIN-debug] GET    /api/program              --> repair/router.SetRouter.func601 (5 handlers)
[GIN-debug] PUT    /api/repair/statusbyid    --> repair/router.SetRouter.func602 (5 handlers)
[GIN-debug] POST   /api/repair               --> repair/router.SetRouter.func603 (5 handlers)
[GIN-debug] POST   /api/repair/batch         --> repair/router.SetRouter.func604 (5 handlers)
[GIN-debug] PUT    /api/repair               --> repair/router.SetRouter.func605 (5 handlers)
[GIN-debug] DELETE /api/repair               --> repair/router.SetRouter.func606 (5 handlers)
[GIN-debug] DELETE /api/repair/batch         --> repair/router.SetRouter.func607 (5 handlers)
[GIN-debug] GET    /api/repair/count         --> repair/router.SetRouter.func608 (5 handlers)
[GIN-debug] GET    /api/repair/:id           --> repair/router.SetRouter.func609 (5 handlers)
[GIN-debug] GET    /api/repair               --> repair/router.SetRouter.func610 (5 handlers)
[GIN-debug] POST   /api/repairarea           --> repair/router.SetRouter.func611 (5 handlers)
[GIN-debug] POST   /api/repairarea/batch     --> repair/router.SetRouter.func612 (5 handlers)
[GIN-debug] PUT    /api/repairarea           --> repair/router.SetRouter.func613 (5 handlers)
[GIN-debug] DELETE /api/repairarea           --> repair/router.SetRouter.func614 (5 handlers)
[GIN-debug] DELETE /api/repairarea/batch     --> repair/router.SetRouter.func615 (5 handlers)
[GIN-debug] GET    /api/repairarea/count     --> repair/router.SetRouter.func616 (5 handlers)
[GIN-debug] GET    /api/repairarea/:id       --> repair/router.SetRouter.func617 (5 handlers)
[GIN-debug] GET    /api/repairarea           --> repair/router.SetRouter.func618 (5 handlers)
[GIN-debug] PUT    /api/repairlist/statusbyid --> repair/router.SetRouter.func619 (5 handlers)
[GIN-debug] GET    /api/repairlist/count/repairtypes --> repair/router.SetRouter.func620 (5 handlers)
[GIN-debug] GET    /api/repairlist/find/repairtypes --> repair/router.SetRouter.func621 (5 handlers)
[GIN-debug] GET    /api/repairlist/count     --> repair/router.SetRouter.func622 (5 handlers)
[GIN-debug] GET    /api/repairlist/:id       --> repair/router.SetRouter.func623 (5 handlers)
[GIN-debug] GET    /api/repairlist           --> repair/router.SetRouter.func624 (5 handlers)
[GIN-debug] GET    /api/review/count/apt/:apt --> repair/router.SetRouter.func625 (5 handlers)
[GIN-debug] GET    /api/review/find/apt/:apt --> repair/router.SetRouter.func626 (5 handlers)
[GIN-debug] GET    /api/review/find/category/:category --> repair/router.SetRouter.func627 (5 handlers)
[GIN-debug] DELETE /api/review/bycategory    --> repair/router.SetRouter.func628 (5 handlers)
[GIN-debug] GET    /api/review/find/method/:method --> repair/router.SetRouter.func629 (5 handlers)
[GIN-debug] POST   /api/review               --> repair/router.SetRouter.func630 (5 handlers)
[GIN-debug] POST   /api/review/batch         --> repair/router.SetRouter.func631 (5 handlers)
[GIN-debug] PUT    /api/review               --> repair/router.SetRouter.func632 (5 handlers)
[GIN-debug] DELETE /api/review               --> repair/router.SetRouter.func633 (5 handlers)
[GIN-debug] DELETE /api/review/batch         --> repair/router.SetRouter.func634 (5 handlers)
[GIN-debug] GET    /api/review/count         --> repair/router.SetRouter.func635 (5 handlers)
[GIN-debug] GET    /api/review/:id           --> repair/router.SetRouter.func636 (5 handlers)
[GIN-debug] GET    /api/review               --> repair/router.SetRouter.func637 (5 handlers)
[GIN-debug] GET    /api/review/sum           --> repair/router.SetRouter.func638 (5 handlers)
[GIN-debug] POST   /api/reviewbasic          --> repair/router.SetRouter.func639 (5 handlers)
[GIN-debug] POST   /api/reviewbasic/batch    --> repair/router.SetRouter.func640 (5 handlers)
[GIN-debug] PUT    /api/reviewbasic          --> repair/router.SetRouter.func641 (5 handlers)
[GIN-debug] DELETE /api/reviewbasic          --> repair/router.SetRouter.func642 (5 handlers)
[GIN-debug] DELETE /api/reviewbasic/batch    --> repair/router.SetRouter.func643 (5 handlers)
[GIN-debug] GET    /api/reviewbasic/count    --> repair/router.SetRouter.func644 (5 handlers)
[GIN-debug] GET    /api/reviewbasic/:id      --> repair/router.SetRouter.func645 (5 handlers)
[GIN-debug] GET    /api/reviewbasic          --> repair/router.SetRouter.func646 (5 handlers)
[GIN-debug] GET    /api/reviewcontent/count/apt/:apt --> repair/router.SetRouter.func647 (5 handlers)
[GIN-debug] GET    /api/reviewcontent/find/apt/:apt --> repair/router.SetRouter.func648 (5 handlers)
[GIN-debug] POST   /api/reviewcontent        --> repair/router.SetRouter.func649 (5 handlers)
[GIN-debug] POST   /api/reviewcontent/batch  --> repair/router.SetRouter.func650 (5 handlers)
[GIN-debug] PUT    /api/reviewcontent        --> repair/router.SetRouter.func651 (5 handlers)
[GIN-debug] DELETE /api/reviewcontent        --> repair/router.SetRouter.func652 (5 handlers)
[GIN-debug] DELETE /api/reviewcontent/batch  --> repair/router.SetRouter.func653 (5 handlers)
[GIN-debug] GET    /api/reviewcontent/count  --> repair/router.SetRouter.func654 (5 handlers)
[GIN-debug] GET    /api/reviewcontent/:id    --> repair/router.SetRouter.func655 (5 handlers)
[GIN-debug] GET    /api/reviewcontent        --> repair/router.SetRouter.func656 (5 handlers)
[GIN-debug] POST   /api/reviewcontentbasic   --> repair/router.SetRouter.func657 (5 handlers)
[GIN-debug] POST   /api/reviewcontentbasic/batch --> repair/router.SetRouter.func658 (5 handlers)
[GIN-debug] PUT    /api/reviewcontentbasic   --> repair/router.SetRouter.func659 (5 handlers)
[GIN-debug] DELETE /api/reviewcontentbasic   --> repair/router.SetRouter.func660 (5 handlers)
[GIN-debug] DELETE /api/reviewcontentbasic/batch --> repair/router.SetRouter.func661 (5 handlers)
[GIN-debug] GET    /api/reviewcontentbasic/count --> repair/router.SetRouter.func662 (5 handlers)
[GIN-debug] GET    /api/reviewcontentbasic/:id --> repair/router.SetRouter.func663 (5 handlers)
[GIN-debug] GET    /api/reviewcontentbasic   --> repair/router.SetRouter.func664 (5 handlers)
[GIN-debug] POST   /api/reviewdate           --> repair/router.SetRouter.func665 (5 handlers)
[GIN-debug] POST   /api/reviewdate/batch     --> repair/router.SetRouter.func666 (5 handlers)
[GIN-debug] PUT    /api/reviewdate           --> repair/router.SetRouter.func667 (5 handlers)
[GIN-debug] DELETE /api/reviewdate           --> repair/router.SetRouter.func668 (5 handlers)
[GIN-debug] DELETE /api/reviewdate/batch     --> repair/router.SetRouter.func669 (5 handlers)
[GIN-debug] GET    /api/reviewdate/count     --> repair/router.SetRouter.func670 (5 handlers)
[GIN-debug] GET    /api/reviewdate/:id       --> repair/router.SetRouter.func671 (5 handlers)
[GIN-debug] GET    /api/reviewdate           --> repair/router.SetRouter.func672 (5 handlers)
[GIN-debug] GET    /api/saving/count/apt/:apt --> repair/router.SetRouter.func673 (5 handlers)
[GIN-debug] GET    /api/saving/find/apt/:apt --> repair/router.SetRouter.func674 (5 handlers)
[GIN-debug] DELETE /api/saving/byapt         --> repair/router.SetRouter.func675 (5 handlers)
[GIN-debug] POST   /api/saving               --> repair/router.SetRouter.func676 (5 handlers)
[GIN-debug] POST   /api/saving/batch         --> repair/router.SetRouter.func677 (5 handlers)
[GIN-debug] PUT    /api/saving               --> repair/router.SetRouter.func678 (5 handlers)
[GIN-debug] DELETE /api/saving               --> repair/router.SetRouter.func679 (5 handlers)
[GIN-debug] DELETE /api/saving/batch         --> repair/router.SetRouter.func680 (5 handlers)
[GIN-debug] GET    /api/saving/count         --> repair/router.SetRouter.func681 (5 handlers)
[GIN-debug] GET    /api/saving/:id           --> repair/router.SetRouter.func682 (5 handlers)
[GIN-debug] GET    /api/saving               --> repair/router.SetRouter.func683 (5 handlers)
[GIN-debug] GET    /api/standard/count/apt/:apt --> repair/router.SetRouter.func684 (5 handlers)
[GIN-debug] GET    /api/standard/find/apt/:apt --> repair/router.SetRouter.func685 (5 handlers)
[GIN-debug] GET    /api/standard/get/aptcategoryname/:apt --> repair/router.SetRouter.func686 (5 handlers)
[GIN-debug] GET    /api/standard/find/category/:category --> repair/router.SetRouter.func687 (5 handlers)
[GIN-debug] DELETE /api/standard/bycategory  --> repair/router.SetRouter.func688 (5 handlers)
[GIN-debug] POST   /api/standard             --> repair/router.SetRouter.func689 (5 handlers)
[GIN-debug] POST   /api/standard/batch       --> repair/router.SetRouter.func690 (5 handlers)
[GIN-debug] PUT    /api/standard             --> repair/router.SetRouter.func691 (5 handlers)
[GIN-debug] DELETE /api/standard             --> repair/router.SetRouter.func692 (5 handlers)
[GIN-debug] DELETE /api/standard/batch       --> repair/router.SetRouter.func693 (5 handlers)
[GIN-debug] GET    /api/standard/count       --> repair/router.SetRouter.func694 (5 handlers)
[GIN-debug] GET    /api/standard/:id         --> repair/router.SetRouter.func695 (5 handlers)
[GIN-debug] GET    /api/standard             --> repair/router.SetRouter.func696 (5 handlers)
[GIN-debug] POST   /api/standardbackup       --> repair/router.SetRouter.func697 (5 handlers)
[GIN-debug] POST   /api/standardbackup/batch --> repair/router.SetRouter.func698 (5 handlers)
[GIN-debug] PUT    /api/standardbackup       --> repair/router.SetRouter.func699 (5 handlers)
[GIN-debug] DELETE /api/standardbackup       --> repair/router.SetRouter.func700 (5 handlers)
[GIN-debug] DELETE /api/standardbackup/batch --> repair/router.SetRouter.func701 (5 handlers)
[GIN-debug] GET    /api/standardbackup/count --> repair/router.SetRouter.func702 (5 handlers)
[GIN-debug] GET    /api/standardbackup/:id   --> repair/router.SetRouter.func703 (5 handlers)
[GIN-debug] GET    /api/standardbackup       --> repair/router.SetRouter.func704 (5 handlers)
[GIN-debug] GET    /api/standardhistory/count/apt/:apt --> repair/router.SetRouter.func705 (5 handlers)
[GIN-debug] GET    /api/standardhistory/find/apt/:apt --> repair/router.SetRouter.func706 (5 handlers)
[GIN-debug] DELETE /api/standardhistory/byapt --> repair/router.SetRouter.func707 (5 handlers)
[GIN-debug] GET    /api/standardhistory/count/standard/:standard --> repair/router.SetRouter.func708 (5 handlers)
[GIN-debug] GET    /api/standardhistory/get/standard/:standard --> repair/router.SetRouter.func709 (5 handlers)
[GIN-debug] POST   /api/standardhistory      --> repair/router.SetRouter.func710 (5 handlers)
[GIN-debug] POST   /api/standardhistory/batch --> repair/router.SetRouter.func711 (5 handlers)
[GIN-debug] PUT    /api/standardhistory      --> repair/router.SetRouter.func712 (5 handlers)
[GIN-debug] DELETE /api/standardhistory      --> repair/router.SetRouter.func713 (5 handlers)
[GIN-debug] DELETE /api/standardhistory/batch --> repair/router.SetRouter.func714 (5 handlers)
[GIN-debug] GET    /api/standardhistory/count --> repair/router.SetRouter.func715 (5 handlers)
[GIN-debug] GET    /api/standardhistory/:id  --> repair/router.SetRouter.func716 (5 handlers)
[GIN-debug] GET    /api/standardhistory      --> repair/router.SetRouter.func717 (5 handlers)
[GIN-debug] GET    /api/standardlist/count/apt/:apt --> repair/router.SetRouter.func718 (5 handlers)
[GIN-debug] GET    /api/standardlist/find/apt/:apt --> repair/router.SetRouter.func719 (5 handlers)
[GIN-debug] GET    /api/standardlist/count   --> repair/router.SetRouter.func720 (5 handlers)
[GIN-debug] GET    /api/standardlist/:id     --> repair/router.SetRouter.func721 (5 handlers)
[GIN-debug] GET    /api/standardlist         --> repair/router.SetRouter.func722 (5 handlers)
[GIN-debug] POST   /api/standardwage         --> repair/router.SetRouter.func723 (5 handlers)
[GIN-debug] POST   /api/standardwage/batch   --> repair/router.SetRouter.func724 (5 handlers)
[GIN-debug] PUT    /api/standardwage         --> repair/router.SetRouter.func725 (5 handlers)
[GIN-debug] DELETE /api/standardwage         --> repair/router.SetRouter.func726 (5 handlers)
[GIN-debug] DELETE /api/standardwage/batch   --> repair/router.SetRouter.func727 (5 handlers)
[GIN-debug] GET    /api/standardwage/count   --> repair/router.SetRouter.func728 (5 handlers)
[GIN-debug] GET    /api/standardwage/:id     --> repair/router.SetRouter.func729 (5 handlers)
[GIN-debug] GET    /api/standardwage         --> repair/router.SetRouter.func730 (5 handlers)
[GIN-debug] POST   /api/technician           --> repair/router.SetRouter.func731 (5 handlers)
[GIN-debug] POST   /api/technician/batch     --> repair/router.SetRouter.func732 (5 handlers)
[GIN-debug] PUT    /api/technician           --> repair/router.SetRouter.func733 (5 handlers)
[GIN-debug] DELETE /api/technician           --> repair/router.SetRouter.func734 (5 handlers)
[GIN-debug] DELETE /api/technician/batch     --> repair/router.SetRouter.func735 (5 handlers)
[GIN-debug] GET    /api/technician/count     --> repair/router.SetRouter.func736 (5 handlers)
[GIN-debug] GET    /api/technician/:id       --> repair/router.SetRouter.func737 (5 handlers)
[GIN-debug] GET    /api/technician           --> repair/router.SetRouter.func738 (5 handlers)
[GIN-debug] GET    /api/totalreport/count/apt/:apt --> repair/router.SetRouter.func739 (5 handlers)
[GIN-debug] GET    /api/totalreport/find/apt/:apt --> repair/router.SetRouter.func740 (5 handlers)
[GIN-debug] GET    /api/totalreport/count    --> repair/router.SetRouter.func741 (5 handlers)
[GIN-debug] GET    /api/totalreport/:id      --> repair/router.SetRouter.func742 (5 handlers)
[GIN-debug] GET    /api/totalreport          --> repair/router.SetRouter.func743 (5 handlers)
[GIN-debug] GET    /api/totalreport/sum      --> repair/router.SetRouter.func744 (5 handlers)
[GIN-debug] GET    /api/totalyearreport/count/apt/:apt --> repair/router.SetRouter.func745 (5 handlers)
[GIN-debug] GET    /api/totalyearreport/find/apt/:apt --> repair/router.SetRouter.func746 (5 handlers)
[GIN-debug] GET    /api/totalyearreport/count --> repair/router.SetRouter.func747 (5 handlers)
[GIN-debug] GET    /api/totalyearreport/:id  --> repair/router.SetRouter.func748 (5 handlers)
[GIN-debug] GET    /api/totalyearreport      --> repair/router.SetRouter.func749 (5 handlers)
[GIN-debug] GET    /api/totalyearreport/sum  --> repair/router.SetRouter.func750 (5 handlers)
[GIN-debug] GET    /api/user/count/level/:level --> repair/router.SetRouter.func751 (5 handlers)
[GIN-debug] GET    /api/user/find/level/:level --> repair/router.SetRouter.func752 (5 handlers)
[GIN-debug] GET    /api/user/count/apt/:apt  --> repair/router.SetRouter.func753 (5 handlers)
[GIN-debug] GET    /api/user/find/apt/:apt   --> repair/router.SetRouter.func754 (5 handlers)
[GIN-debug] GET    /api/user/count/aptlevel/:apt --> repair/router.SetRouter.func755 (5 handlers)
[GIN-debug] GET    /api/user/find/aptlevel/:apt --> repair/router.SetRouter.func756 (5 handlers)
[GIN-debug] GET    /api/user/get/email/:email --> repair/router.SetRouter.func757 (5 handlers)
[GIN-debug] GET    /api/user/count/email/:email --> repair/router.SetRouter.func758 (5 handlers)
[GIN-debug] GET    /api/user/get/loginid/:loginid --> repair/router.SetRouter.func759 (5 handlers)
[GIN-debug] GET    /api/user/count/loginid/:loginid --> repair/router.SetRouter.func760 (5 handlers)
[GIN-debug] POST   /api/user                 --> repair/router.SetRouter.func761 (5 handlers)
[GIN-debug] POST   /api/user/batch           --> repair/router.SetRouter.func762 (5 handlers)
[GIN-debug] PUT    /api/user                 --> repair/router.SetRouter.func763 (5 handlers)
[GIN-debug] DELETE /api/user                 --> repair/router.SetRouter.func764 (5 handlers)
[GIN-debug] DELETE /api/user/batch           --> repair/router.SetRouter.func765 (5 handlers)
[GIN-debug] GET    /api/user/count           --> repair/router.SetRouter.func766 (5 handlers)
[GIN-debug] GET    /api/user/:id             --> repair/router.SetRouter.func767 (5 handlers)
[GIN-debug] GET    /api/user                 --> repair/router.SetRouter.func768 (5 handlers)
[GIN-debug] GET    /api/yearreport/count/apt/:apt --> repair/router.SetRouter.func769 (5 handlers)
[GIN-debug] GET    /api/yearreport/find/apt/:apt --> repair/router.SetRouter.func770 (5 handlers)
[GIN-debug] GET    /api/yearreport/count     --> repair/router.SetRouter.func771 (5 handlers)
[GIN-debug] GET    /api/yearreport/:id       --> repair/router.SetRouter.func772 (5 handlers)
[GIN-debug] GET    /api/yearreport           --> repair/router.SetRouter.func773 (5 handlers)
[GIN-debug] GET    /api/yearreport/sum       --> repair/router.SetRouter.func774 (5 handlers)
